Input Dirac increment: Print Increment (C++) --------------------   
SNEQV     
snow_water_equivalent                                           
2D Field shape: (           30,           24 )
Mean:    1.38888892E-03
Std Dev:    3.72419097E-02
RMS:    3.72678004E-02
End Print Increment (C++) ---------------- 


B * Increment: Print Increment (C++) --------------------   
SNEQV     
snow_water_equivalent                                           
2D Field shape: (           30,           24 )
Mean:   0.139314055
Std Dev:   0.228973627
RMS:   0.268024832
End Print Increment (C++) ---------------- 


