Test     : Initial state: 
Test     : Mean SNEQV: 122.327
Test     : Std.dev SNEQV: 1850.28
Test     : RMS SNEQV: 129.669
Test     : Final state: 
Test     : Mean SNEQV: 122.327
Test     : Std.dev SNEQV: 1850.28
Test     : RMS SNEQV: 129.669
Test     : H(x): 
Test     : SnowWaterEquivalent nobs= 720 Min=60.5652, Max=271.791, RMS=129.669
Test     : End H(x)
