Test     : Initial state:  
Test     : snow_water_equivalent                                           
Test     : Mean:    122.326637
Test     : Std Dev:    1850.28406
Test     : RMS:    129.669205
Test     : Final state:  
Test     : snow_water_equivalent                                           
Test     : Mean:    122.326637
Test     : Std Dev:    1850.28406
Test     : RMS:    129.669205
Test     : H(x): 
Test     : SnowWaterEquivalent nobs= 720 Min=60.5652, Max=271.791, RMS=129.669
Test     : End H(x)
